exports[`test Match component. 1`] = `
<TraVerseSegmentsNew
  params={Object {}} />
`;
