exports[`test Match component. 1`] = `
<TraVerseSegments
  params={Object {}} />
`;
