exports[`test Form contains all elements 1`] = `<HondaStudentNew />`;
