exports[`test Match component. 1`] = `<HondaStudent />`;
